[0.029s][info][gc] Using Serial
[0.949s][info][gc] GC(0) Pause Young (Allocation Failure) 4M->2M(15M) 11.426ms
[5.066s][info][gc] GC(1) Pause Young (Allocation Failure) 6M->3M(15M) 8.465ms
[5.269s][info][gc] GC(2) Pause Young (Allocation Failure) 7M->4M(15M) 11.009ms
[5.884s][info][gc] GC(3) Pause Young (Allocation Failure) 8M->4M(15M) 7.890ms
[6.346s][info][gc] GC(4) Pause Young (Allocation Failure) 9M->5M(15M) 9.093ms
[9.193s][info][gc] GC(5) Pause Young (Allocation Failure) 9M->6M(15M) 8.855ms
[35.750s][info][gc] GC(6) Pause Young (Allocation Failure) 10M->6M(15M) 4.745ms
[59.204s][info][gc] GC(7) Pause Young (Allocation Failure) 10M->6M(15M) 2.149ms
[59.226s][info][gc] GC(8) Pause Young (Allocation Failure) 10M->6M(15M) 1.709ms
[59.247s][info][gc] GC(9) Pause Young (Allocation Failure) 10M->6M(15M) 1.790ms
[59.266s][info][gc] GC(10) Pause Young (Allocation Failure) 10M->6M(15M) 2.187ms
[59.286s][info][gc] GC(11) Pause Young (Allocation Failure) 10M->6M(15M) 1.952ms
[59.306s][info][gc] GC(12) Pause Young (Allocation Failure) 10M->6M(15M) 2.076ms
[59.326s][info][gc] GC(13) Pause Young (Allocation Failure) 10M->6M(15M) 2.048ms
[59.344s][info][gc] GC(14) Pause Young (Allocation Failure) 10M->6M(15M) 1.923ms
[59.356s][info][gc] GC(15) Pause Young (Allocation Failure) 10M->6M(15M) 1.694ms
[59.369s][info][gc] GC(16) Pause Young (Allocation Failure) 10M->6M(15M) 2.030ms
[59.431s][info][gc] GC(17) Pause Young (Allocation Failure) 10M->6M(15M) 1.970ms
[59.440s][info][gc] GC(18) Pause Young (Allocation Failure) 10M->6M(15M) 2.254ms
[59.448s][info][gc] GC(19) Pause Young (Allocation Failure) 10M->6M(15M) 1.956ms
[59.457s][info][gc] GC(20) Pause Young (Allocation Failure) 10M->6M(15M) 1.847ms
[59.465s][info][gc] GC(21) Pause Young (Allocation Failure) 10M->6M(15M) 2.259ms
[59.784s][info][gc] GC(22) Pause Young (Allocation Failure) 10M->6M(15M) 1.909ms
[104.759s][info][gc] GC(23) Pause Young (Allocation Failure) 10M->6M(15M) 1.435ms
[147.861s][info][gc] GC(24) Pause Young (Allocation Failure) 10M->6M(15M) 1.381ms
[184.550s][info][gc] GC(25) Pause Young (Allocation Failure) 10M->6M(15M) 1.425ms
[184.558s][info][gc] GC(26) Pause Young (Allocation Failure) 10M->6M(15M) 1.436ms
[184.573s][info][gc] GC(27) Pause Young (Allocation Failure) 10M->6M(15M) 2.088ms
[184.580s][info][gc] GC(28) Pause Young (Allocation Failure) 10M->6M(15M) 1.073ms
[184.586s][info][gc] GC(29) Pause Young (Allocation Failure) 10M->6M(15M) 1.118ms
[184.593s][info][gc] GC(30) Pause Young (Allocation Failure) 10M->6M(15M) 1.422ms
[184.599s][info][gc] GC(31) Pause Young (Allocation Failure) 10M->6M(15M) 1.260ms
[184.605s][info][gc] GC(32) Pause Young (Allocation Failure) 10M->6M(15M) 1.511ms
[184.612s][info][gc] GC(33) Pause Young (Allocation Failure) 10M->6M(15M) 1.040ms
[184.618s][info][gc] GC(34) Pause Young (Allocation Failure) 10M->6M(15M) 1.294ms
[184.625s][info][gc] GC(35) Pause Young (Allocation Failure) 10M->6M(15M) 1.198ms
[184.630s][info][gc] GC(36) Pause Young (Allocation Failure) 10M->6M(15M) 0.964ms
[184.637s][info][gc] GC(37) Pause Young (Allocation Failure) 10M->6M(15M) 1.135ms
[184.643s][info][gc] GC(38) Pause Young (Allocation Failure) 10M->6M(15M) 1.118ms
[184.649s][info][gc] GC(39) Pause Young (Allocation Failure) 10M->6M(15M) 1.067ms
[185.804s][info][gc] GC(40) Pause Young (Allocation Failure) 10M->6M(15M) 1.816ms
[230.935s][info][gc] GC(41) Pause Young (Allocation Failure) 10M->6M(15M) 1.117ms
[247.775s][info][gc] GC(42) Pause Young (Allocation Failure) 10M->6M(15M) 0.955ms
[247.781s][info][gc] GC(43) Pause Young (Allocation Failure) 10M->6M(15M) 0.958ms
[247.785s][info][gc] GC(44) Pause Young (Allocation Failure) 10M->6M(15M) 0.909ms
[247.790s][info][gc] GC(45) Pause Young (Allocation Failure) 10M->6M(15M) 0.946ms
[247.795s][info][gc] GC(46) Pause Young (Allocation Failure) 10M->6M(15M) 0.952ms
[247.800s][info][gc] GC(47) Pause Young (Allocation Failure) 10M->6M(15M) 0.834ms
[247.804s][info][gc] GC(48) Pause Young (Allocation Failure) 10M->6M(15M) 0.989ms
[247.809s][info][gc] GC(49) Pause Young (Allocation Failure) 10M->6M(15M) 0.977ms
[247.814s][info][gc] GC(50) Pause Young (Allocation Failure) 10M->6M(15M) 0.987ms
[247.819s][info][gc] GC(51) Pause Young (Allocation Failure) 10M->6M(15M) 0.939ms
[247.824s][info][gc] GC(52) Pause Young (Allocation Failure) 10M->6M(15M) 0.907ms
[247.828s][info][gc] GC(53) Pause Young (Allocation Failure) 10M->6M(15M) 0.950ms
[247.833s][info][gc] GC(54) Pause Young (Allocation Failure) 10M->6M(15M) 0.886ms
[247.838s][info][gc] GC(55) Pause Young (Allocation Failure) 10M->6M(15M) 1.058ms
[247.843s][info][gc] GC(56) Pause Young (Allocation Failure) 10M->6M(15M) 1.054ms
[247.851s][info][gc] GC(57) Pause Young (Allocation Failure) 10M->6M(15M) 4.554ms
[247.856s][info][gc] GC(58) Pause Young (Allocation Failure) 10M->6M(15M) 0.815ms
[247.860s][info][gc] GC(59) Pause Young (Allocation Failure) 10M->6M(15M) 0.742ms
[247.865s][info][gc] GC(60) Pause Young (Allocation Failure) 10M->6M(15M) 0.807ms
[247.869s][info][gc] GC(61) Pause Young (Allocation Failure) 10M->6M(15M) 0.777ms
[247.874s][info][gc] GC(62) Pause Young (Allocation Failure) 10M->6M(15M) 0.756ms
[247.879s][info][gc] GC(63) Pause Young (Allocation Failure) 10M->6M(15M) 0.803ms
[247.883s][info][gc] GC(64) Pause Young (Allocation Failure) 10M->6M(15M) 0.787ms
[247.888s][info][gc] GC(65) Pause Young (Allocation Failure) 10M->6M(15M) 0.703ms
[247.892s][info][gc] GC(66) Pause Young (Allocation Failure) 10M->6M(15M) 0.840ms
[247.897s][info][gc] GC(67) Pause Young (Allocation Failure) 10M->6M(15M) 0.775ms
[247.902s][info][gc] GC(68) Pause Young (Allocation Failure) 10M->6M(15M) 0.798ms
[247.906s][info][gc] GC(69) Pause Young (Allocation Failure) 10M->6M(15M) 0.772ms
[247.911s][info][gc] GC(70) Pause Young (Allocation Failure) 10M->6M(15M) 0.710ms
[247.915s][info][gc] GC(71) Pause Young (Allocation Failure) 10M->6M(15M) 0.813ms
[247.920s][info][gc] GC(72) Pause Young (Allocation Failure) 10M->6M(15M) 0.758ms
[247.924s][info][gc] GC(73) Pause Young (Allocation Failure) 10M->6M(15M) 0.733ms
[247.929s][info][gc] GC(74) Pause Young (Allocation Failure) 10M->6M(15M) 0.790ms
[247.933s][info][gc] GC(75) Pause Young (Allocation Failure) 10M->6M(15M) 0.744ms
[247.938s][info][gc] GC(76) Pause Young (Allocation Failure) 10M->6M(15M) 0.849ms
[247.943s][info][gc] GC(77) Pause Young (Allocation Failure) 10M->6M(15M) 1.077ms
[247.947s][info][gc] GC(78) Pause Young (Allocation Failure) 10M->6M(15M) 0.943ms
[247.952s][info][gc] GC(79) Pause Young (Allocation Failure) 10M->6M(15M) 0.870ms
[247.957s][info][gc] GC(80) Pause Young (Allocation Failure) 10M->6M(15M) 0.868ms
[247.962s][info][gc] GC(81) Pause Young (Allocation Failure) 10M->6M(15M) 0.848ms
[247.967s][info][gc] GC(82) Pause Young (Allocation Failure) 10M->6M(15M) 0.791ms
[247.971s][info][gc] GC(83) Pause Young (Allocation Failure) 10M->6M(15M) 0.740ms
[247.978s][info][gc] GC(84) Pause Young (Allocation Failure) 10M->6M(15M) 1.611ms
[247.983s][info][gc] GC(85) Pause Young (Allocation Failure) 10M->6M(15M) 1.110ms
[247.990s][info][gc] GC(86) Pause Young (Allocation Failure) 10M->6M(15M) 0.987ms
[247.995s][info][gc] GC(87) Pause Young (Allocation Failure) 10M->6M(15M) 1.025ms
[248.000s][info][gc] GC(88) Pause Young (Allocation Failure) 10M->6M(15M) 1.074ms
[248.005s][info][gc] GC(89) Pause Young (Allocation Failure) 10M->6M(15M) 0.996ms
[248.010s][info][gc] GC(90) Pause Young (Allocation Failure) 10M->6M(15M) 1.233ms
[248.015s][info][gc] GC(91) Pause Young (Allocation Failure) 10M->6M(15M) 1.134ms
[248.021s][info][gc] GC(92) Pause Young (Allocation Failure) 10M->6M(15M) 0.944ms
[248.026s][info][gc] GC(93) Pause Young (Allocation Failure) 10M->6M(15M) 0.995ms
[248.031s][info][gc] GC(94) Pause Young (Allocation Failure) 10M->6M(15M) 1.076ms
[248.036s][info][gc] GC(95) Pause Young (Allocation Failure) 10M->6M(15M) 0.960ms
[248.042s][info][gc] GC(96) Pause Young (Allocation Failure) 10M->6M(15M) 1.233ms
[248.048s][info][gc] GC(97) Pause Young (Allocation Failure) 10M->6M(15M) 0.914ms
[248.053s][info][gc] GC(98) Pause Young (Allocation Failure) 10M->6M(15M) 0.956ms
[248.058s][info][gc] GC(99) Pause Young (Allocation Failure) 10M->6M(15M) 1.036ms
[248.063s][info][gc] GC(100) Pause Young (Allocation Failure) 10M->6M(15M) 0.907ms
[248.068s][info][gc] GC(101) Pause Young (Allocation Failure) 10M->6M(15M) 1.024ms
[248.074s][info][gc] GC(102) Pause Young (Allocation Failure) 10M->6M(15M) 0.867ms
[248.079s][info][gc] GC(103) Pause Young (Allocation Failure) 10M->6M(15M) 1.011ms
[248.084s][info][gc] GC(104) Pause Young (Allocation Failure) 10M->6M(15M) 0.856ms
[248.088s][info][gc] GC(105) Pause Young (Allocation Failure) 10M->6M(15M) 0.730ms
[248.093s][info][gc] GC(106) Pause Young (Allocation Failure) 10M->6M(15M) 0.859ms
[248.097s][info][gc] GC(107) Pause Young (Allocation Failure) 10M->6M(15M) 0.775ms
[248.102s][info][gc] GC(108) Pause Young (Allocation Failure) 10M->6M(15M) 0.671ms
[248.106s][info][gc] GC(109) Pause Young (Allocation Failure) 10M->6M(15M) 0.841ms
[248.111s][info][gc] GC(110) Pause Young (Allocation Failure) 10M->6M(15M) 0.702ms
[248.116s][info][gc] GC(111) Pause Young (Allocation Failure) 10M->6M(15M) 0.808ms
[248.120s][info][gc] GC(112) Pause Young (Allocation Failure) 10M->6M(15M) 0.747ms
[248.124s][info][gc] GC(113) Pause Young (Allocation Failure) 10M->6M(15M) 0.687ms
[248.129s][info][gc] GC(114) Pause Young (Allocation Failure) 10M->6M(15M) 0.771ms
[248.133s][info][gc] GC(115) Pause Young (Allocation Failure) 10M->6M(15M) 0.748ms
[248.138s][info][gc] GC(116) Pause Young (Allocation Failure) 10M->6M(15M) 0.778ms
[248.142s][info][gc] GC(117) Pause Young (Allocation Failure) 10M->6M(15M) 0.875ms
[286.004s][info][gc] GC(118) Pause Young (Allocation Failure) 10M->6M(15M) 1.282ms
[330.094s][info][gc] GC(119) Pause Young (Allocation Failure) 10M->6M(15M) 1.073ms
[375.159s][info][gc] GC(120) Pause Young (Allocation Failure) 10M->6M(15M) 1.020ms
[421.195s][info][gc] GC(121) Pause Young (Allocation Failure) 10M->6M(15M) 1.368ms
